[bruma] INFO: paquete 'Onda bruma (demo)' 0.1.0 — /home/abstem/.local/share/bruma/wallpapers/onda-bruma-demo/0.1.0
[bruma] INFO: bruma run — modo shader animado (30 fps)
[bruma] INFO: sesión gráfica de logind: /org/freedesktop/login1/session/_34 (Type=wayland)
[bruma] INFO: estado inicial: sesión desbloqueada (LockedHint=false)
[bruma] INFO: estado inicial: en batería (UPower State=2)
[bruma] INFO: sesión gráfica de logind: /org/freedesktop/login1/session/_34 (Type=wayland)
[bruma] INFO: pausa global: fuente bloqueo disponible (logind), fuente batería disponible (UPower)
[bruma] ERROR: GENERAL [Loader Message (0x0)]
	liblsfg-vk-layer.x86.so: cannot open shared object file: No such file or directory
[bruma] ERROR: 	objects: (type: INSTANCE, hndl: 0x558f40edf1b0, name: ?)
[bruma] ERROR: GENERAL [Loader Message (0x0)]
	loader_create_instance_chain: Failed to find 'vkGetInstanceProcAddr' in layer "liblsfg-vk-layer.so"
[bruma] ERROR: 	objects: (type: INSTANCE, hndl: 0x558f40edf1b0, name: ?)
[bruma] INFO: Found 6 cooperative matrix configurations supported by wgpu
[bruma] ERROR: GENERAL [Loader Message (0x0)]
	loader_create_device_chain: Failed to find 'vkGetInstanceProcAddr' in layer "liblsfg-vk-layer.so".  Skipping layer.
[bruma] ERROR: 	objects: (type: INSTANCE, hndl: 0x558f40edf1b0, name: ?)
[bruma] INFO: wgpu: adaptador AMD Radeon 660M (RADV REMBRANDT) (IntegratedGpu), backend Vulkan (compartido entre salidas)
[bruma] INFO: superficie de fondo creada en salida Some("eDP-1")
[bruma] INFO: superficie de fondo creada en salida Some("HDMI-A-1")
[bruma] INFO: fondo activo en Some("eDP-1"): 1920x1200px (gpu) — Ctrl-C para salir
[bruma] INFO: fondo activo en Some("HDMI-A-1"): 2560x1440px (gpu) — Ctrl-C para salir
[bruma] INFO: pausa global ON: el motor deja de repintar (bloqueo/batería)
[bruma] INFO: pausa global: sesión bloqueada
[bruma] INFO: pausa global: sesión bloqueada (LockedHint)
[bruma] INFO: pausa global: sesión desbloqueada
[bruma] INFO: pausa global: sesión desbloqueada (LockedHint)
[bruma] INFO: pausa global: sesión desbloqueada
