signal time=1789598556.941967 sender=org.freedesktop.DBus -> destination=:1.254 serial=4294967295 path=/org/freedesktop/DBus; interface=org.freedesktop.DBus; member=NameAcquired
   string ":1.254"
signal time=1789598556.942030 sender=org.freedesktop.DBus -> destination=:1.254 serial=4294967295 path=/org/freedesktop/DBus; interface=org.freedesktop.DBus; member=NameLost
   string ":1.254"
method call time=1789598569.324290 sender=:1.255 -> destination=org.freedesktop.Notifications serial=2 path=/org/freedesktop/Notifications; interface=org.freedesktop.Notifications; member=Notify
   string "bruma"
   uint32 0
   string ""
   string "bruma: shader rechazado"
   string "error compilando el shader: error: expected global item (`struct`, `const`, `var`, `alias`, `fn`, `diagnostic`, `enable`, `requires`, `;`) o…"
   array [
   ]
   array [
      dict entry(
         string "urgency"
         variant             byte 1
      )
   ]
   int32 5000
method call time=1789598601.364059 sender=:1.255 -> destination=org.freedesktop.Notifications serial=3 path=/org/freedesktop/Notifications; interface=org.freedesktop.Notifications; member=Notify
   string "bruma"
   uint32 0
   string ""
   string "bruma: shader recuperado"
   string "El shader volvió a compilar y se aplicó al fondo."
   array [
   ]
   array [
      dict entry(
         string "urgency"
         variant             byte 1
      )
   ]
   int32 5000
