[bruma] INFO: bruma run — modo shader animado (30 fps)
[bruma] ERROR: GENERAL [Loader Message (0x0)]
	liblsfg-vk-layer.x86.so: cannot open shared object file: No such file or directory
[bruma] ERROR: 	objects: (type: INSTANCE, hndl: 0x5637ffa89740, name: ?)
[bruma] ERROR: GENERAL [Loader Message (0x0)]
	loader_create_instance_chain: Failed to find 'vkGetInstanceProcAddr' in layer "liblsfg-vk-layer.so"
[bruma] ERROR: 	objects: (type: INSTANCE, hndl: 0x5637ffa89740, name: ?)
[bruma] INFO: Found 6 cooperative matrix configurations supported by wgpu
[bruma] ERROR: GENERAL [Loader Message (0x0)]
	loader_create_device_chain: Failed to find 'vkGetInstanceProcAddr' in layer "liblsfg-vk-layer.so".  Skipping layer.
[bruma] ERROR: 	objects: (type: INSTANCE, hndl: 0x5637ffa89740, name: ?)
[bruma] INFO: wgpu: adaptador AMD Radeon 660M (RADV REMBRANDT) (IntegratedGpu), backend Vulkan
[bruma] INFO: ventana de fondo entra en salida OutputInfo { name: Some("HDMI-A-1"), logical_size: None }
[bruma] INFO: fondo activo: 2560x1440px — Ctrl-C para salir
[bruma] INFO: hot-reload: shader aplicado
[bruma] WARN: hot-reload ignorado: error compilando el shader: error: expected global item (`struct`, `const`, `var`, `alias`, `fn`, `diagnostic`, `enable`, `requires`, `;`) or the end of the file, found "fs_main"
   ┌─ wgsl:73:1
   │
73 │ fs_main( <-- sintaxis rota
   │ ^^^^^^^ expected global item (`struct`, `const`, `var`, `alias`, `fn`, `diagnostic`, `enable`, `requires`, `;`) or the end of the file


[bruma] INFO: hot-reload: shader aplicado
[bruma] INFO: hot-reload: shader aplicado
